Buildfile: C:\Users\tenma\OneDrive\Documents\NetBeansProjects\Library\build.xml

-pre-init:

-init-private:

-init-user:

-init-project:

-init-macrodef-property:

-do-init:

-post-init:

-init-check:

-init-ap-cmdline-properties:

-init-macrodef-javac-with-processors:

-init-macrodef-javac-without-processors:

-init-macrodef-javac:

-init-macrodef-test-impl:

-init-macrodef-junit-init:

-init-macrodef-junit-single:

-init-test-properties:

-init-macrodef-junit-batch:

-init-macrodef-junit:

-init-macrodef-junit-impl:

-init-macrodef-testng:

-init-macrodef-testng-impl:

-init-macrodef-test:

-init-macrodef-junit-debug:

-init-macrodef-junit-debug-batch:

-init-macrodef-junit-debug-impl:

-init-macrodef-test-debug-junit:

-init-macrodef-testng-debug:

-init-macrodef-testng-debug-impl:

-init-macrodef-test-debug-testng:

-init-macrodef-test-debug:

-init-macrodef-java:

-init-debug-args:

-init-macrodef-nbjpda:

-init-macrodef-nbjsdebug:

-init-macrodef-debug:

-init-taskdefs:

-init-ap-cmdline-supported:

-init-ap-cmdline:

init:

undeploy-clean:

deps-clean:

do-clean:
   [delete] Deleting directory C:\Users\tenma\OneDrive\Documents\NetBeansProjects\Library\build

check-clean:

-post-clean:

clean:

-pre-init:

-init-private:

-init-user:

-init-project:

-init-macrodef-property:

-do-init:

-post-init:

-init-check:

-init-ap-cmdline-properties:

-init-macrodef-javac-with-processors:

-init-macrodef-javac-without-processors:

-init-macrodef-javac:

-init-macrodef-test-impl:

-init-macrodef-junit-init:

-init-macrodef-junit-single:

-init-test-properties:

-init-macrodef-junit-batch:

-init-macrodef-junit:

-init-macrodef-junit-impl:

-init-macrodef-testng:

-init-macrodef-testng-impl:

-init-macrodef-test:

-init-macrodef-junit-debug:

-init-macrodef-junit-debug-batch:

-init-macrodef-junit-debug-impl:

-init-macrodef-test-debug-junit:

-init-macrodef-testng-debug:

-init-macrodef-testng-debug-impl:

-init-macrodef-test-debug-testng:

-init-macrodef-test-debug:

-init-macrodef-java:

-init-debug-args:

-init-macrodef-nbjpda:

-init-macrodef-nbjsdebug:

-init-macrodef-debug:

-init-taskdefs:

-init-ap-cmdline-supported:

-init-ap-cmdline:

init:

deps-module-jar:

deps-ear-jar:

deps-jar:

-pre-pre-compile:
    [mkdir] Created dir: C:\Users\tenma\OneDrive\Documents\NetBeansProjects\Library\build\web\WEB-INF\classes

-pre-compile:

-copy-manifest:
    [mkdir] Created dir: C:\Users\tenma\OneDrive\Documents\NetBeansProjects\Library\build\web\META-INF
     [copy] Copying 1 file to C:\Users\tenma\OneDrive\Documents\NetBeansProjects\Library\build\web\META-INF

-copy-persistence-xml:

-copy-webdir:
     [copy] Copying 59 files to C:\Users\tenma\OneDrive\Documents\NetBeansProjects\Library\build\web

library-inclusion-in-archive:
     [copy] Copying 1 file to C:\Users\tenma\OneDrive\Documents\NetBeansProjects\Library\build\web\WEB-INF\lib
     [copy] Copying 1 file to C:\Users\tenma\OneDrive\Documents\NetBeansProjects\Library\build\web\WEB-INF\lib
     [copy] Copying 1 file to C:\Users\tenma\OneDrive\Documents\NetBeansProjects\Library\build\web\WEB-INF\lib
     [copy] Copying 1 file to C:\Users\tenma\OneDrive\Documents\NetBeansProjects\Library\build\web\WEB-INF\lib
     [copy] Copying 1 file to C:\Users\tenma\OneDrive\Documents\NetBeansProjects\Library\build\web\WEB-INF\lib
     [copy] Copying 1 file to C:\Users\tenma\OneDrive\Documents\NetBeansProjects\Library\build\web\WEB-INF\lib
     [copy] Copying 1 file to C:\Users\tenma\OneDrive\Documents\NetBeansProjects\Library\build\web\WEB-INF\lib
     [copy] Copying 1 file to C:\Users\tenma\OneDrive\Documents\NetBeansProjects\Library\build\web\WEB-INF\lib
     [copy] Copying 1 file to C:\Users\tenma\OneDrive\Documents\NetBeansProjects\Library\build\web\WEB-INF\lib
     [copy] Copying 1 file to C:\Users\tenma\OneDrive\Documents\NetBeansProjects\Library\build\web\WEB-INF\lib
     [copy] Copying 1 file to C:\Users\tenma\OneDrive\Documents\NetBeansProjects\Library\build\web\WEB-INF\lib

library-inclusion-in-manifest:

-do-compile:
    [mkdir] Created dir: C:\Users\tenma\OneDrive\Documents\NetBeansProjects\Library\build\empty
    [mkdir] Created dir: C:\Users\tenma\OneDrive\Documents\NetBeansProjects\Library\build\generated-sources\ap-source-output
    [javac] Compiling 82 source files to C:\Users\tenma\OneDrive\Documents\NetBeansProjects\Library\build\web\WEB-INF\classes

-post-compile:

compile:

BUILD SUCCESSFUL
Total time: 8 seconds
